 gcc -g p7final.c
 gdb a.out
GNU gdb (Ubuntu 8.1.1-0ubuntu1) 8.1.1
Copyright (C) 2018 Free Software Foundation, Inc.
License GPLv3+: GNU GPL version 3 or later <http://gnu.org/licenses/gpl.html>
This is free software: you are free to change and redistribute it.
There is NO WARRANTY, to the extent permitted by law.  Type "show copying"
and "show warranty" for details.
This GDB was configured as "x86_64-linux-gnu".
Type "show configuration" for configuration details.
For bug reporting instructions, please see:
<http://www.gnu.org/software/gdb/bugs/>.
Find the GDB manual and other documentation resources online at:
<http://www.gnu.org/software/gdb/documentation/>.
For help, type "help".
Type "apropos word" to search for commands related to "word"...
Reading symbols from a.out...done.
(gdb) break mian
Function "mian" not defined.
Make breakpoint pending on future shared library load? (y or [n]) b
Please answer y or [n].
Make breakpoint pending on future shared library load? (y or [n]) 
(gdb) b main
Breakpoint 1 at 0x8a4: file p7final.c, line 39.
(gdb) run
Starting program: /home/runner/pps-test1-pushya1/a.out 
warning: Error disabling address space randomization: Operation not permitted

Breakpoint 1, main () at p7final.c:39
39  {
(gdb) n
41      s=input_array_size();
(gdb) step
input_array_size () at p7final.c:6
6   {
(gdb) n
8       printf("enter the size of an array:\t ");
(gdb) n
9       scanf("%d",&n);
(gdb) n
enter the size of an array:  4
11      return n;
(gdb) n
12  }
(gdb) n
main () at p7final.c:42
42      int ar[s];
(gdb) n
43      input_array(s,ar);
(gdb) n

enter a  number:
5

enter a  number:
5

enter a  number:
10

enter a  number:
5
44      total=sum_n_arrays(s,ar);
(gdb) n
45      out_put(total);
(gdb) n
_________________
25 is the sum of above numbers
46      return 0;
(gdb) quit