 gcc -g p6original.c
 gdb a.out
GNU gdb (Ubuntu 8.1.1-0ubuntu1) 8.1.1
Copyright (C) 2018 Free Software Foundation, Inc.
License GPLv3+: GNU GPL version 3 or later <http://gnu.org/licenses/gpl.html>
This is free software: you are free to change and redistribute it.
There is NO WARRANTY, to the extent permitted by law.  Type "show copying"
and "show warranty" for details.
This GDB was configured as "x86_64-linux-gnu".
Type "show configuration" for configuration details.
For bug reporting instructions, please see:
<http://www.gnu.org/software/gdb/bugs/>.
Find the GDB manual and other documentation resources online at:
<http://www.gnu.org/software/gdb/documentation/>.
For help, type "help".
Type "apropos word" to search for commands related to "word"...
Reading symbols from a.out...done.
(gdb) b main
Breakpoint 1 at 0x845: file p9final.c, line 53.
(gdb) run
Starting program: /home/runner/pps-test1-pushya1/a.out 
warning: Error disabling address space randomization: Operation not permitted

Breakpoint 1, main () at p9final.c:53
53  {
(gdb) n
56      input_two_string(a,b);
(gdb) s
input_two_string (a=0x7ffc111272e0 "\001", 
    b=0x7ffc11127300 "\260\b\340\320(V") at p9final.c:36
36      printf("Enter the first string:\n");
(gdb) n
Enter the first string:
37      scanf("%s",a);
(gdb) n
ss
38      printf("Enter the second string:\n");
(gdb) n
Enter the second string:
39      scanf("%s",b);
(gdb) n
ss
41  }
(gdb) n
main () at p9final.c:57
57      int result = strcmp(a,b);
(gdb) n
58      output(result);
(gdb) s
output (result=0) at p9final.c:46
46      if(result==0)
(gdb) n
47      printf("both the strings are same");
(gdb) n
50  }
(gdb) n
main () at p9final.c:59
59  }
(gdb) continue
Continuing.
both the strings are same[Inferior 1 (process 164) exited normally]
(gdb) quit 